<?xml version="1.0" encoding="utf-8"?><testsuites name="pytest tests"><testsuite name="pytest" errors="0" failures="11" skipped="0" tests="474" time="11.709" timestamp="2026-04-12T09:37:55.086973+07:00" hostname="t440"><testcase classname="tests.test_agent.TestSendMessageWithRetry" name="test_non_503_error_raises_immediately_without_retry" time="0.011" /><testcase classname="tests.test_agent.TestSendMessageWithRetry" name="test_raises_after_max_retries" time="0.004" /><testcase classname="tests.test_agent.TestSendMessageWithRetry" name="test_retries_on_429_then_succeeds" time="0.003" /><testcase classname="tests.test_agent.TestSendMessageWithRetry" name="test_retries_on_503_then_succeeds" time="0.003" /><testcase classname="tests.test_agent.TestSendMessageWithRetry" name="test_success_on_first_try" time="0.002" /><testcase classname="tests.test_agent.TestHandleTelegramChat" name="test_active_memories_injected_into_standard_chat" time="0.030" /><testcase classname="tests.test_agent.TestHandleTelegramChat" name="test_api_error_sends_fallback_message_to_user" time="0.011" /><testcase classname="tests.test_agent.TestHandleTelegramChat" name="test_classify_intent_fast_for_short_messages" time="0.001" /><testcase classname="tests.test_agent.TestHandleTelegramChat" name="test_classify_intent_standard_for_analysis" time="0.001" /><testcase classname="tests.test_agent.TestHandleTelegramChat" name="test_classify_intent_standard_for_long_messages" time="0.001" /><testcase classname="tests.test_agent.TestHandleTelegramChat" name="test_clear_command_clears_history_and_notifies" time="0.008" /><testcase classname="tests.test_agent.TestHandleTelegramChat" name="test_normal_chat_calls_gemini_and_sends_reply" time="0.011" /><testcase classname="tests.test_agent.TestHandleTelegramChat" name="test_normal_chat_saves_both_user_and_model_messages" time="0.011" /><testcase classname="tests.test_agent.TestHandleTelegramChat" name="test_reset_command_also_clears_history" time="0.007" /><testcase classname="tests.test_agent.TestHandleTelegramChat" name="test_short_message_uses_fast_path" time="0.011" /><testcase classname="tests.test_agent.TestHandleTelegramChat" name="test_typing_indicator_sent_before_processing" time="0.011" /><testcase classname="tests.test_agent.TestPastContextKeywordMatching" name="test_fold_vietnamese_ascii" time="0.001" /><testcase classname="tests.test_agent.TestPastContextKeywordMatching" name="test_past_keywords_match_english" time="0.002" /><testcase classname="tests.test_agent.TestPastContextKeywordMatching" name="test_past_keywords_match_vietnamese_no_diacritics" time="0.001" /><testcase classname="tests.test_agent.TestPastContextKeywordMatching" name="test_past_keywords_match_vietnamese_with_diacritics" time="0.001" /><testcase classname="tests.test_agent.TestPastContextKeywordMatching" name="test_past_keywords_no_false_positive_on_preview" time="0.002" /><testcase classname="tests.test_agent.TestGenerateMorningBriefing" name="test_api_error_does_not_crash" time="0.010" /><testcase classname="tests.test_agent.TestGenerateMorningBriefing" name="test_sends_briefing_to_telegram" time="0.010" /><testcase classname="tests.test_agent.TestExtractImplicitMemory" name="test_empty_history_returns_early" time="0.003" /><testcase classname="tests.test_agent.TestExtractImplicitMemory" name="test_inactive_status_is_passed_to_db" time="0.008" /><testcase classname="tests.test_agent.TestExtractImplicitMemory" name="test_invalid_json_does_not_crash" time="0.007" /><testcase classname="tests.test_agent.TestExtractImplicitMemory" name="test_multiple_items_all_inserted" time="0.007" /><testcase classname="tests.test_agent.TestExtractImplicitMemory" name="test_valid_json_response_inserts_memory" time="0.009" /><testcase classname="tests.test_agent.TestGenerateWeeklyReflection" name="test_api_error_does_not_crash" time="0.007" /><testcase classname="tests.test_agent.TestGenerateWeeklyReflection" name="test_sends_reflection_to_telegram_and_memorizes" time="0.010" /><testcase classname="tests.test_agent.TestTieredSystemPrompt" name="test_core_prompt_excludes_gcs_rubric" time="0.001" /><testcase classname="tests.test_agent.TestTieredSystemPrompt" name="test_core_prompt_includes_identity_and_psychology" time="0.001" /><testcase classname="tests.test_agent.TestTieredSystemPrompt" name="test_fast_path_uses_core_prompt" time="0.688" /><testcase classname="tests.test_agent.TestTieredSystemPrompt" name="test_full_prompt_includes_gcs_rubric" time="0.003" /><testcase classname="tests.test_agent.TestTieredSystemPrompt" name="test_standard_path_uses_full_prompt" time="0.690" /><testcase classname="tests.test_audit.TestCategorizeLine" name="test_traceback" time="0.003" /><testcase classname="tests.test_audit.TestCategorizeLine" name="test_exception" time="0.003" /><testcase classname="tests.test_audit.TestCategorizeLine" name="test_dns_error" time="0.002" /><testcase classname="tests.test_audit.TestCategorizeLine" name="test_connection_error" time="0.002" /><testcase classname="tests.test_audit.TestCategorizeLine" name="test_news_scorer_json" time="0.002" /><testcase classname="tests.test_audit.TestCategorizeLine" name="test_news_agent_error" time="0.002" /><testcase classname="tests.test_audit.TestCategorizeLine" name="test_performance_timeout" time="0.002" /><testcase classname="tests.test_audit.TestCategorizeLine" name="test_scheduler_error" time="0.002" /><testcase classname="tests.test_audit.TestCategorizeLine" name="test_db_error" time="0.002" /><testcase classname="tests.test_audit.TestCategorizeLine" name="test_improvement_hint" time="0.002" /><testcase classname="tests.test_audit.TestCategorizeLine" name="test_todo" time="0.001" /><testcase classname="tests.test_audit.TestCategorizeLine" name="test_generic_warning" time="0.002" /><testcase classname="tests.test_audit.TestCategorizeLine" name="test_generic_error" time="0.002" /><testcase classname="tests.test_audit.TestCategorizeLine" name="test_critical" time="0.001" /><testcase classname="tests.test_audit.TestCategorizeLine" name="test_normal_info_line_skipped" time="0.001" /><testcase classname="tests.test_audit.TestCategorizeLine" name="test_empty_line_skipped" time="0.001" /><testcase classname="tests.test_audit.TestRunAudit" name="test_returns_zero_when_no_log_file" time="0.008" /><testcase classname="tests.test_audit.TestRunAudit" name="test_scans_log_and_returns_count" time="0.006" /><testcase classname="tests.test_audit.TestRunAudit" name="test_deduplication_on_rerun" time="0.006" /><testcase classname="tests.test_audit.TestRunAudit" name="test_scans_rotated_files" time="0.006" /><testcase classname="tests.test_audit.TestAuditDbFunctions" name="test_insert_and_get" time="0.006" /><testcase classname="tests.test_audit.TestAuditDbFunctions" name="test_insert_duplicate_returns_false" time="0.006" /><testcase classname="tests.test_audit.TestAuditDbFunctions" name="test_filter_by_status" time="0.006" /><testcase classname="tests.test_audit.TestAuditDbFunctions" name="test_filter_by_severity" time="0.006" /><testcase classname="tests.test_audit.TestAuditDbFunctions" name="test_update_status" time="0.007" /><testcase classname="tests.test_audit.TestAuditDbFunctions" name="test_get_stats" time="0.007" /><testcase classname="tests.test_audit.TestAuditApi" name="test_list_entries_empty" time="0.394" /><testcase classname="tests.test_audit.TestAuditApi" name="test_list_entries_requires_auth" time="0.011" /><testcase classname="tests.test_audit.TestAuditApi" name="test_acknowledge" time="0.022" /><testcase classname="tests.test_audit.TestAuditApi" name="test_resolve" time="0.021" /><testcase classname="tests.test_audit.TestAuditApi" name="test_run_audit_now" time="0.011" /><testcase classname="tests.test_audit.TestAuditApi" name="test_audit_page_html" time="0.017" /><testcase classname="tests.test_config.TestConfigLoadSave" name="test_load_returns_config_data" time="0.003" /><testcase classname="tests.test_config.TestConfigLoadSave" name="test_save_then_load_roundtrip" time="0.002" /><testcase classname="tests.test_config.TestConfigCaching" name="test_save_invalidates_cache" time="0.002" /><testcase classname="tests.test_config.TestConfigCaching" name="test_second_load_uses_cache" time="0.001" /><testcase classname="tests.test_config.TestConfigAutoInit" name="test_auto_init_from_example" time="0.003" /><testcase classname="tests.test_config.TestConfigAutoInit" name="test_no_example_returns_empty" time="0.001" /><testcase classname="tests.test_config.TestCorruptedConfig" name="test_empty_file_returns_empty_dict" time="0.002" /><testcase classname="tests.test_config.TestCorruptedConfig" name="test_invalid_json_returns_empty_dict" time="0.002" /><testcase classname="tests.test_database.TestUsers" name="test_get_nonexistent_user_returns_none" time="0.005" /><testcase classname="tests.test_database.TestUsers" name="test_upsert_and_get_user" time="0.005" /><testcase classname="tests.test_database.TestUsers" name="test_upsert_updates_existing_user" time="0.006" /><testcase classname="tests.test_database.TestRunActivities" name="test_delete_run_activity" time="0.006" /><testcase classname="tests.test_database.TestRunActivities" name="test_gcs_placeholder_created_before_harvest" time="0.005" /><testcase classname="tests.test_database.TestRunActivities" name="test_gcs_score_update" time="0.006" /><testcase classname="tests.test_database.TestRunActivities" name="test_get_runs_in_last_days_format" time="0.005" /><testcase classname="tests.test_database.TestRunActivities" name="test_get_training_loads_calculates_correctly" time="0.006" /><testcase classname="tests.test_database.TestRunActivities" name="test_get_training_loads_empty_user_returns_zeros" time="0.005" /><testcase classname="tests.test_database.TestRunActivities" name="test_get_weekly_volume_only_counts_current_week" time="0.006" /><testcase classname="tests.test_database.TestRunActivities" name="test_no_runs_returns_empty_message" time="0.004" /><testcase classname="tests.test_database.TestRunActivities" name="test_save_and_retrieve_via_recent_logs" time="0.005" /><testcase classname="tests.test_database.TestRunActivities" name="test_upsert_does_not_duplicate" time="0.006" /><testcase classname="tests.test_database.TestChatHistory" name="test_clear_history_only_affects_target_user" time="0.007" /><testcase classname="tests.test_database.TestChatHistory" name="test_clear_history_removes_all" time="0.006" /><testcase classname="tests.test_database.TestChatHistory" name="test_empty_history_returns_empty_list" time="0.005" /><testcase classname="tests.test_database.TestChatHistory" name="test_load_respects_limit" time="0.013" /><testcase classname="tests.test_database.TestChatHistory" name="test_load_returns_chronological_order" time="0.007" /><testcase classname="tests.test_database.TestChatHistory" name="test_save_and_load_messages" time="0.006" /><testcase classname="tests.test_database.TestTrainingPlans" name="test_create_and_get_plan" time="0.005" /><testcase classname="tests.test_database.TestTrainingPlans" name="test_get_plan_for_nonexistent_date_returns_none" time="0.005" /><testcase classname="tests.test_database.TestTrainingPlans" name="test_get_upcoming_plans_returns_formatted_string" time="0.005" /><testcase classname="tests.test_database.TestTrainingPlans" name="test_plans_are_user_isolated" time="0.006" /><testcase classname="tests.test_database.TestTrainingPlans" name="test_update_plan_status" time="0.006" /><testcase classname="tests.test_database.TestTrainingPlans" name="test_upsert_plan_updates_existing" time="0.006" /><testcase classname="tests.test_database.TestWeeklyTargets" name="test_get_nonexistent_week_returns_none" time="0.005" /><testcase classname="tests.test_database.TestWeeklyTargets" name="test_targets_are_user_isolated" time="0.005" /><testcase classname="tests.test_database.TestWeeklyTargets" name="test_upsert_and_get_weekly_target" time="0.005" /><testcase classname="tests.test_database.TestWeeklyTargets" name="test_upsert_overwrites_existing" time="0.006" /><testcase classname="tests.test_database.TestCoreMemory" name="test_archive_memory" time="0.007" /><testcase classname="tests.test_database.TestCoreMemory" name="test_archive_memory_wrong_user_fails_silently" time="0.006" /><testcase classname="tests.test_database.TestCoreMemory" name="test_global_deduplication_latest_wins" time="0.006" /><testcase classname="tests.test_database.TestCoreMemory" name="test_inactive_memory_not_returned" time="0.006" /><testcase classname="tests.test_database.TestCoreMemory" name="test_inactive_overrides_active_for_same_category" time="0.006" /><testcase classname="tests.test_database.TestCoreMemory" name="test_insert_and_get_active_memory" time="0.005" /><testcase classname="tests.test_database.TestCoreMemory" name="test_memories_are_user_isolated" time="0.005" /><testcase classname="tests.test_database.TestCoreMemory" name="test_multiple_categories_all_returned" time="0.007" /><testcase classname="tests.test_database.TestHistoricalTrainingLoads" name="test_no_runs_all_zeros" time="0.006" /><testcase classname="tests.test_database.TestHistoricalTrainingLoads" name="test_optimal_band_is_80_to_130_of_chronic" time="0.006" /><testcase classname="tests.test_database.TestHistoricalTrainingLoads" name="test_returns_correct_number_of_days" time="0.007" /><testcase classname="tests.test_database.TestHistoricalTrainingLoads" name="test_returns_correct_structure" time="0.006" /><testcase classname="tests.test_database_run_activity_raw.TestRunActivityRawStreamFilePath" name="test_get_run_activity_raw_returns_none_for_unknown_activity" time="0.005" /><testcase classname="tests.test_database_run_activity_raw.TestRunActivityRawStreamFilePath" name="test_save_and_get_run_activity_raw_with_stream_file_path" time="0.006" /><testcase classname="tests.test_database_run_activity_raw.TestRunActivityRawStreamFilePath" name="test_save_run_activity_raw_upserts_and_updates_stream_file_path" time="0.007" /><testcase classname="tests.test_flow_memory_extraction.TestExtractImplicitMemory" name="test_db_insert_failure_does_not_stop_other_items" time="0.007" /><testcase classname="tests.test_flow_memory_extraction.TestExtractImplicitMemory" name="test_debug_mode_enabled_does_not_crash" time="0.007" /><testcase classname="tests.test_flow_memory_extraction.TestExtractImplicitMemory" name="test_empty_history_does_not_call_gemini" time="0.006" /><testcase classname="tests.test_flow_memory_extraction.TestExtractImplicitMemory" name="test_empty_history_returns_early" time="0.005" /><testcase classname="tests.test_flow_memory_extraction.TestExtractImplicitMemory" name="test_existing_memories_fetched_for_deduplication" time="0.007" /><testcase classname="tests.test_flow_memory_extraction.TestExtractImplicitMemory" name="test_existing_memories_injected_into_prompt" time="0.007" /><testcase classname="tests.test_flow_memory_extraction.TestExtractImplicitMemory" name="test_gemini_exception_does_not_crash" time="0.009" /><testcase classname="tests.test_flow_memory_extraction.TestExtractImplicitMemory" name="test_item_missing_fact_is_skipped" time="0.007" /><testcase classname="tests.test_flow_memory_extraction.TestExtractImplicitMemory" name="test_json_decode_error_does_not_crash" time="0.007" /><testcase classname="tests.test_flow_memory_extraction.TestExtractImplicitMemory" name="test_multiple_items_inserts_each" time="0.007" /><testcase classname="tests.test_flow_memory_extraction.TestExtractImplicitMemory" name="test_no_existing_memories_uses_default_text" time="0.007" /><testcase classname="tests.test_flow_memory_extraction.TestExtractImplicitMemory" name="test_valid_item_calls_insert_memory" time="0.007" /><testcase classname="tests.test_flow_morning_briefing.TestGenerateMorningBriefing" name="test_build_standup_prompt_called" time="0.013" /><testcase classname="tests.test_flow_morning_briefing.TestGenerateMorningBriefing" name="test_empty_gemini_response_sends_fallback" time="0.011" /><testcase classname="tests.test_flow_morning_briefing.TestGenerateMorningBriefing" name="test_empty_history_uses_default_context" time="0.011" /><testcase classname="tests.test_flow_morning_briefing.TestGenerateMorningBriefing" name="test_gemini_client_created_with_model_name" time="0.011" /><testcase classname="tests.test_flow_morning_briefing.TestGenerateMorningBriefing" name="test_gemini_exception_does_not_crash" time="0.013" /><testcase classname="tests.test_flow_morning_briefing.TestGenerateMorningBriefing" name="test_history_builds_chat_context" time="0.012" /><testcase classname="tests.test_flow_morning_briefing.TestGenerateMorningBriefing" name="test_memories_fetched" time="0.011" /><testcase classname="tests.test_flow_morning_briefing.TestGenerateMorningBriefing" name="test_no_chat_id_skips_telegram" time="0.011" /><testcase classname="tests.test_flow_morning_briefing.TestGenerateMorningBriefing" name="test_no_plan_uses_free_run_context" time="0.013" /><testcase classname="tests.test_flow_morning_briefing.TestGenerateMorningBriefing" name="test_none_gemini_response_text_sends_fallback" time="0.011" /><testcase classname="tests.test_flow_morning_briefing.TestGenerateMorningBriefing" name="test_saves_message_to_db" time="0.011" /><testcase classname="tests.test_flow_morning_briefing.TestGenerateMorningBriefing" name="test_sends_telegram_message" time="0.012" /><testcase classname="tests.test_flow_run_analysis.TestAnalyzeRunWithGemini" name="test_empty_analysis_text_returned_as_empty_string" time="0.013" /><testcase classname="tests.test_flow_run_analysis.TestAnalyzeRunWithGemini" name="test_gemini_exception_does_not_update_gcs" time="0.010" /><testcase classname="tests.test_flow_run_analysis.TestAnalyzeRunWithGemini" name="test_gemini_exception_returns_none" time="0.010" /><testcase classname="tests.test_flow_run_analysis.TestAnalyzeRunWithGemini" name="test_meta_data_without_start_date_uses_today" time="0.011" /><testcase classname="tests.test_flow_run_analysis.TestAnalyzeRunWithGemini" name="test_no_plan_skips_update_plan_status" time="0.012" /><testcase classname="tests.test_flow_run_analysis.TestAnalyzeRunWithGemini" name="test_plan_found_marks_completed" time="0.011" /><testcase classname="tests.test_flow_run_analysis.TestAnalyzeRunWithGemini" name="test_success_returns_analysis_text" time="0.011" /><testcase classname="tests.test_flow_run_analysis.TestAnalyzeRunWithGemini" name="test_success_saves_message" time="0.011" /><testcase classname="tests.test_flow_run_analysis.TestAnalyzeRunWithGemini" name="test_success_updates_gcs_score" time="0.012" /><testcase classname="tests.test_flow_weekly_reflection.TestGenerateWeeklyReflection" name="test_gemini_exception_does_not_crash" time="0.010" /><testcase classname="tests.test_flow_weekly_reflection.TestGenerateWeeklyReflection" name="test_memories_passed_to_prompt_builder" time="0.012" /><testcase classname="tests.test_flow_weekly_reflection.TestGenerateWeeklyReflection" name="test_no_chat_id_skips_telegram" time="0.011" /><testcase classname="tests.test_flow_weekly_reflection.TestGenerateWeeklyReflection" name="test_no_chat_id_still_calls_rag_memorize" time="0.013" /><testcase classname="tests.test_flow_weekly_reflection.TestGenerateWeeklyReflection" name="test_no_memories_uses_default_text" time="0.011" /><testcase classname="tests.test_flow_weekly_reflection.TestGenerateWeeklyReflection" name="test_rag_failure_does_not_abort_save_message" time="0.011" /><testcase classname="tests.test_flow_weekly_reflection.TestGenerateWeeklyReflection" name="test_rag_failure_does_not_abort_telegram" time="0.011" /><testcase classname="tests.test_flow_weekly_reflection.TestGenerateWeeklyReflection" name="test_rag_memorize_called_with_correct_doc_id" time="0.014" /><testcase classname="tests.test_flow_weekly_reflection.TestGenerateWeeklyReflection" name="test_rag_memorize_content_contains_reflection_text" time="0.012" /><testcase classname="tests.test_flow_weekly_reflection.TestGenerateWeeklyReflection" name="test_rag_memorize_domain_is_coach" time="0.011" /><testcase classname="tests.test_flow_weekly_reflection.TestGenerateWeeklyReflection" name="test_save_message_called" time="0.018" /><testcase classname="tests.test_flow_weekly_reflection.TestGenerateWeeklyReflection" name="test_telegram_called_with_reflection_text" time="0.068" /><testcase classname="tests.test_harvest.TestBuildActivityRecord" name="test_activity_id_from_activity_id_key" time="0.001" /><testcase classname="tests.test_harvest.TestBuildActivityRecord" name="test_basic_conversion" time="0.001" /><testcase classname="tests.test_harvest.TestBuildActivityRecord" name="test_missing_optional_fields" time="0.001" /><testcase classname="tests.test_harvest.TestBuildActivityRecord" name="test_none_suffer_score" time="0.001" /><testcase classname="tests.test_harvest.TestBuildActivityRecord" name="test_zero_distance" time="0.001" /><testcase classname="tests.test_harvest.TestHarvestData" name="test_harvest_aborts_without_chat_id" time="0.004" /><testcase classname="tests.test_harvest.TestHarvestData" name="test_harvest_saves_only_runs" time="0.008" /><testcase classname="tests.test_harvest.TestExecuteManualSync" name="test_sync_fetches_streams_for_missing_rag" time="0.013" /><testcase classname="tests.test_harvest.TestExecuteManualSync" name="test_sync_filters_non_run_activities" time="0.010" /><testcase classname="tests.test_harvest.TestExecuteManualSync" name="test_sync_month_filters_by_date" time="0.010" /><testcase classname="tests.test_harvest.TestExecuteManualSync" name="test_sync_skips_existing_rag_memories" time="0.009" /><testcase classname="tests.test_harvest.TestExecuteManualSync" name="test_sync_with_no_activities_sends_warning" time="0.004" /><testcase classname="tests.test_harvest.TestHarvestActivityTypes" name="test_harvest_includes_virtual_run" time="1.010" /><testcase classname="tests.test_harvest.TestHarvestActivityTypes" name="test_save_failure_on_one_activity_continues_to_next" time="1.010" /><testcase classname="tests.test_harvest.TestManualSyncRateLimiting" name="test_sleep_between_activities" time="0.011" /><testcase classname="tests.test_news" name="test_skip_articles_without_link_or_summary" time="0.003" /><testcase classname="tests.test_news" name="test_basic_briefing_uses_morning_template" time="0.002" /><testcase classname="tests.test_news" name="test_quiet_hours_respected" time="0.002" /><testcase classname="tests.test_news" name="test_alert_includes_links" time="0.002" /><testcase classname="tests.test_news_agent" name="test_resolve_chat_id_falls_back_to_primary" time="0.001" /><testcase classname="tests.test_news_agent" name="test_resolve_chat_id_uses_news_config_when_set" time="0.001" /><testcase classname="tests.test_news_agent" name="test_resolve_chat_id_returns_none_when_no_id" time="0.003" /><testcase classname="tests.test_news_agent" name="test_disabled_agent_does_nothing" time="0.002" /><testcase classname="tests.test_news_agent" name="test_no_chat_id_does_nothing" time="0.002" /><testcase classname="tests.test_news_agent" name="test_no_articles_skips_gemini" time="0.003" /><testcase classname="tests.test_news_agent" name="test_all_deduped_skips_gemini" time="0.003" /><testcase classname="tests.test_news_agent" name="test_morning_briefing_sends_to_telegram" time="0.008" /><testcase classname="tests.test_news_agent" name="test_passes_news_system_instruction_to_gemini" time="0.008" /><testcase classname="tests.test_news_agent" name="test_save_sent_articles_called_after_success" time="0.008" /><testcase classname="tests.test_news_agent" name="test_uses_news_chat_id_when_configured" time="0.008" /><testcase classname="tests.test_news_agent" name="test_long_reply_is_truncated" time="0.010" /><testcase classname="tests.test_news_agent" name="test_gemini_error_does_not_crash" time="0.007" /><testcase classname="tests.test_news_agent" name="test_gemini_empty_response_sends_fallback" time="0.008" /><testcase classname="tests.test_news_alert_engine.TestRunNewsWatchEarlyReturns" name="test_agent_disabled_skips_all" time="0.002" /><testcase classname="tests.test_news_alert_engine.TestRunNewsWatchEarlyReturns" name="test_all_articles_already_sent_skips_alert" time="0.005" /><testcase classname="tests.test_news_alert_engine.TestRunNewsWatchEarlyReturns" name="test_no_articles_fetched_skips_alert" time="0.006" /><testcase classname="tests.test_news_alert_engine.TestRunNewsWatchEarlyReturns" name="test_no_interest_profile_skips_all" time="0.002" /><testcase classname="tests.test_news_alert_engine.TestRunNewsWatchEarlyReturns" name="test_no_user_id_skips_all" time="0.002" /><testcase classname="tests.test_news_alert_engine.TestRunNewsWatchAlertThreshold" name="test_alert_sent_to_correct_chat_id" time="0.010" /><testcase classname="tests.test_news_alert_engine.TestRunNewsWatchAlertThreshold" name="test_multiple_articles_above_threshold_sends_exactly_one_message" time="0.011" /><testcase classname="tests.test_news_alert_engine.TestRunNewsWatchAlertThreshold" name="test_score_above_threshold_sends_one_alert" time="0.009" /><testcase classname="tests.test_news_alert_engine.TestRunNewsWatchAlertThreshold" name="test_score_below_threshold_no_alert" time="0.007" /><testcase classname="tests.test_news_alert_engine.TestRunNewsWatchAlertThreshold" name="test_score_equal_threshold_sends_alert" time="0.010" /><testcase classname="tests.test_news_alert_engine.TestRunNewsWatchQuietHours" name="test_quiet_hours_normal_score_no_alert" time="0.007" /><testcase classname="tests.test_news_alert_engine.TestRunNewsWatchQuietHours" name="test_quiet_hours_shock_score_sends_alert" time="0.011" /><testcase classname="tests.test_news_alert_engine.TestRunNewsWatchCooldown" name="test_cooldown_not_reached_sends_alert" time="0.010" /><testcase classname="tests.test_news_alert_engine.TestRunNewsWatchCooldown" name="test_cooldown_reached_skips_article" time="0.007" /><testcase classname="tests.test_news_alert_engine.TestRunNewsWatchCache" name="test_cached_article_skips_scorer" time="0.007" /><testcase classname="tests.test_news_alert_engine.TestRunNewsWatchCache" name="test_cached_high_score_sends_alert_without_rescoring" time="0.009" /><testcase classname="tests.test_news_alert_engine.TestRunNewsWatchScoringError" name="test_scoring_error_does_not_raise" time="0.007" /><testcase classname="tests.test_news_alert_engine.TestRunNewsWatchScoringError" name="test_scoring_error_falls_back_to_neutral_score" time="0.008" /><testcase classname="tests.test_news_alert_engine.TestRunNewsWatchScoringError" name="test_scoring_error_with_low_threshold_sends_alert" time="0.009" /><testcase classname="tests.test_news_feeds" name="test_article_is_frozen" time="0.001" /><testcase classname="tests.test_news_feeds" name="test_article_summary_stored_as_given" time="0.001" /><testcase classname="tests.test_news_feeds" name="test_fetch_feed_returns_articles" time="0.008" /><testcase classname="tests.test_news_feeds" name="test_fetch_feed_respects_max_articles" time="0.004" /><testcase classname="tests.test_news_feeds" name="test_fetch_feed_sets_source" time="0.004" /><testcase classname="tests.test_news_feeds" name="test_fetch_feed_uses_timeout" time="0.004" /><testcase classname="tests.test_news_feeds" name="test_fetch_feed_timeout_returns_empty" time="0.002" /><testcase classname="tests.test_news_feeds" name="test_fetch_feed_connection_error_returns_empty" time="0.002" /><testcase classname="tests.test_news_feeds" name="test_fetch_feed_malformed_xml_returns_empty" time="0.003" /><testcase classname="tests.test_news_feeds" name="test_fetch_feed_truncates_summary_to_300" time="0.003" /><testcase classname="tests.test_news_feeds" name="test_fetch_all_feeds_empty_list" time="0.001" /><testcase classname="tests.test_news_feeds" name="test_fetch_all_feeds_calls_each_feed" time="0.001" /><testcase classname="tests.test_news_feeds" name="test_fetch_all_feeds_partial_failure_returns_others" time="0.001" /><testcase classname="tests.test_news_feeds" name="test_fetch_all_feeds_concatenates_results" time="0.001" /><testcase classname="tests.test_news_prompts" name="test_morning_prompt_contains_date" time="0.001" /><testcase classname="tests.test_news_prompts" name="test_morning_prompt_contains_articles" time="0.001" /><testcase classname="tests.test_news_prompts" name="test_morning_prompt_is_vietnamese" time="0.001" /><testcase classname="tests.test_news_prompts" name="test_morning_prompt_handles_curly_braces_in_articles" time="0.001" /><testcase classname="tests.test_news_prompts" name="test_morning_prompt_handles_empty_articles" time="0.001" /><testcase classname="tests.test_news_prompts" name="test_afternoon_prompt_contains_date" time="0.001" /><testcase classname="tests.test_news_prompts" name="test_afternoon_prompt_contains_articles" time="0.001" /><testcase classname="tests.test_news_prompts" name="test_afternoon_prompt_is_vietnamese" time="0.001" /><testcase classname="tests.test_news_prompts" name="test_afternoon_prompt_handles_curly_braces_in_articles" time="0.001" /><testcase classname="tests.test_news_prompts" name="test_morning_prompt_returns_string" time="0.001" /><testcase classname="tests.test_news_prompts" name="test_afternoon_prompt_returns_string" time="0.001" /><testcase classname="tests.test_news_prompts" name="test_morning_and_afternoon_prompts_differ" time="0.001" /><testcase classname="tests.test_news_prompts" name="test_system_instruction_returns_string" time="0.001" /><testcase classname="tests.test_news_prompts" name="test_system_instruction_is_vietnamese" time="0.001" /><testcase classname="tests.test_news_prompts" name="test_system_instruction_has_no_coach_content" time="0.001" /><testcase classname="tests.test_news_prompts" name="test_system_instruction_has_telegram_format_rules" time="0.001" /><testcase classname="tests.test_news_prompts" name="test_system_instruction_not_in_user_prompts" time="0.001" /><testcase classname="tests.test_news_telegram.TestHandleNewsCommand" name="test_afternoon_arg" time="0.003"><failure message="  File &quot;/home/tinhn/repo/Personal_AI_OS/app/agents/news/telegram_handler.py&quot;, line 142&#10;    logger.debug(f&quot;[NEWS-CHAT] Gemini response preview={ (response.text or '')[:1000]!r }&quot;)&#10;                                                                                          ^&#10;SyntaxError: f-string: expecting '}'">/usr/lib/python3.11/unittest/mock.py:1366: in patched
    with self.decoration_helper(patched,
/usr/lib/python3.11/contextlib.py:137: in __enter__
    return next(self.gen)
           ^^^^^^^^^^^^^^
/usr/lib/python3.11/unittest/mock.py:1348: in decoration_helper
    arg = exit_stack.enter_context(patching)
          ^^^^^^^^^^^^^^^^^^^^^^^^^^^^^^^^^^
/usr/lib/python3.11/contextlib.py:505: in enter_context
    result = _enter(cm)
             ^^^^^^^^^^
/usr/lib/python3.11/unittest/mock.py:1421: in __enter__
    self.target = self.getter()
                  ^^^^^^^^^^^^^
/usr/lib/python3.11/pkgutil.py:705: in resolve_name
    mod = importlib.import_module(s)
          ^^^^^^^^^^^^^^^^^^^^^^^^^^
/usr/lib/python3.11/importlib/__init__.py:126: in import_module
    return _bootstrap._gcd_import(name[level:], package, level)
           ^^^^^^^^^^^^^^^^^^^^^^^^^^^^^^^^^^^^^^^^^^^^^^^^^^^^
E     File "/home/tinhn/repo/Personal_AI_OS/app/agents/news/telegram_handler.py", line 142
E       logger.debug(f"[NEWS-CHAT] Gemini response preview={ (response.text or '')[:1000]!r }")
E                                                                                             ^
E   SyntaxError: f-string: expecting '}'</failure></testcase><testcase classname="tests.test_news_telegram.TestHandleNewsCommand" name="test_disabled_agent_sends_disabled_message" time="0.002"><failure message="  File &quot;/home/tinhn/repo/Personal_AI_OS/app/agents/news/telegram_handler.py&quot;, line 142&#10;    logger.debug(f&quot;[NEWS-CHAT] Gemini response preview={ (response.text or '')[:1000]!r }&quot;)&#10;                                                                                          ^&#10;SyntaxError: f-string: expecting '}'">/usr/lib/python3.11/unittest/mock.py:1366: in patched
    with self.decoration_helper(patched,
/usr/lib/python3.11/contextlib.py:137: in __enter__
    return next(self.gen)
           ^^^^^^^^^^^^^^
/usr/lib/python3.11/unittest/mock.py:1348: in decoration_helper
    arg = exit_stack.enter_context(patching)
          ^^^^^^^^^^^^^^^^^^^^^^^^^^^^^^^^^^
/usr/lib/python3.11/contextlib.py:505: in enter_context
    result = _enter(cm)
             ^^^^^^^^^^
/usr/lib/python3.11/unittest/mock.py:1421: in __enter__
    self.target = self.getter()
                  ^^^^^^^^^^^^^
/usr/lib/python3.11/pkgutil.py:705: in resolve_name
    mod = importlib.import_module(s)
          ^^^^^^^^^^^^^^^^^^^^^^^^^^
/usr/lib/python3.11/importlib/__init__.py:126: in import_module
    return _bootstrap._gcd_import(name[level:], package, level)
           ^^^^^^^^^^^^^^^^^^^^^^^^^^^^^^^^^^^^^^^^^^^^^^^^^^^^
E     File "/home/tinhn/repo/Personal_AI_OS/app/agents/news/telegram_handler.py", line 142
E       logger.debug(f"[NEWS-CHAT] Gemini response preview={ (response.text or '')[:1000]!r }")
E                                                                                             ^
E   SyntaxError: f-string: expecting '}'</failure></testcase><testcase classname="tests.test_news_telegram.TestHandleNewsCommand" name="test_error_in_flow_sends_error_message" time="0.003"><failure message="  File &quot;/home/tinhn/repo/Personal_AI_OS/app/agents/news/telegram_handler.py&quot;, line 142&#10;    logger.debug(f&quot;[NEWS-CHAT] Gemini response preview={ (response.text or '')[:1000]!r }&quot;)&#10;                                                                                          ^&#10;SyntaxError: f-string: expecting '}'">/usr/lib/python3.11/unittest/mock.py:1366: in patched
    with self.decoration_helper(patched,
/usr/lib/python3.11/contextlib.py:137: in __enter__
    return next(self.gen)
           ^^^^^^^^^^^^^^
/usr/lib/python3.11/unittest/mock.py:1348: in decoration_helper
    arg = exit_stack.enter_context(patching)
          ^^^^^^^^^^^^^^^^^^^^^^^^^^^^^^^^^^
/usr/lib/python3.11/contextlib.py:505: in enter_context
    result = _enter(cm)
             ^^^^^^^^^^
/usr/lib/python3.11/unittest/mock.py:1421: in __enter__
    self.target = self.getter()
                  ^^^^^^^^^^^^^
/usr/lib/python3.11/pkgutil.py:705: in resolve_name
    mod = importlib.import_module(s)
          ^^^^^^^^^^^^^^^^^^^^^^^^^^
/usr/lib/python3.11/importlib/__init__.py:126: in import_module
    return _bootstrap._gcd_import(name[level:], package, level)
           ^^^^^^^^^^^^^^^^^^^^^^^^^^^^^^^^^^^^^^^^^^^^^^^^^^^^
E     File "/home/tinhn/repo/Personal_AI_OS/app/agents/news/telegram_handler.py", line 142
E       logger.debug(f"[NEWS-CHAT] Gemini response preview={ (response.text or '')[:1000]!r }")
E                                                                                             ^
E   SyntaxError: f-string: expecting '}'</failure></testcase><testcase classname="tests.test_news_telegram.TestHandleNewsCommand" name="test_help_arg_sends_help_message" time="0.002"><failure message="  File &quot;/home/tinhn/repo/Personal_AI_OS/app/agents/news/telegram_handler.py&quot;, line 142&#10;    logger.debug(f&quot;[NEWS-CHAT] Gemini response preview={ (response.text or '')[:1000]!r }&quot;)&#10;                                                                                          ^&#10;SyntaxError: f-string: expecting '}'">/usr/lib/python3.11/unittest/mock.py:1366: in patched
    with self.decoration_helper(patched,
/usr/lib/python3.11/contextlib.py:137: in __enter__
    return next(self.gen)
           ^^^^^^^^^^^^^^
/usr/lib/python3.11/unittest/mock.py:1348: in decoration_helper
    arg = exit_stack.enter_context(patching)
          ^^^^^^^^^^^^^^^^^^^^^^^^^^^^^^^^^^
/usr/lib/python3.11/contextlib.py:505: in enter_context
    result = _enter(cm)
             ^^^^^^^^^^
/usr/lib/python3.11/unittest/mock.py:1421: in __enter__
    self.target = self.getter()
                  ^^^^^^^^^^^^^
/usr/lib/python3.11/pkgutil.py:705: in resolve_name
    mod = importlib.import_module(s)
          ^^^^^^^^^^^^^^^^^^^^^^^^^^
/usr/lib/python3.11/importlib/__init__.py:126: in import_module
    return _bootstrap._gcd_import(name[level:], package, level)
           ^^^^^^^^^^^^^^^^^^^^^^^^^^^^^^^^^^^^^^^^^^^^^^^^^^^^
E     File "/home/tinhn/repo/Personal_AI_OS/app/agents/news/telegram_handler.py", line 142
E       logger.debug(f"[NEWS-CHAT] Gemini response preview={ (response.text or '')[:1000]!r }")
E                                                                                             ^
E   SyntaxError: f-string: expecting '}'</failure></testcase><testcase classname="tests.test_news_telegram.TestHandleNewsCommand" name="test_invalid_arg_sends_error_message" time="0.003"><failure message="  File &quot;/home/tinhn/repo/Personal_AI_OS/app/agents/news/telegram_handler.py&quot;, line 142&#10;    logger.debug(f&quot;[NEWS-CHAT] Gemini response preview={ (response.text or '')[:1000]!r }&quot;)&#10;                                                                                          ^&#10;SyntaxError: f-string: expecting '}'">/usr/lib/python3.11/unittest/mock.py:1366: in patched
    with self.decoration_helper(patched,
/usr/lib/python3.11/contextlib.py:137: in __enter__
    return next(self.gen)
           ^^^^^^^^^^^^^^
/usr/lib/python3.11/unittest/mock.py:1348: in decoration_helper
    arg = exit_stack.enter_context(patching)
          ^^^^^^^^^^^^^^^^^^^^^^^^^^^^^^^^^^
/usr/lib/python3.11/contextlib.py:505: in enter_context
    result = _enter(cm)
             ^^^^^^^^^^
/usr/lib/python3.11/unittest/mock.py:1421: in __enter__
    self.target = self.getter()
                  ^^^^^^^^^^^^^
/usr/lib/python3.11/pkgutil.py:705: in resolve_name
    mod = importlib.import_module(s)
          ^^^^^^^^^^^^^^^^^^^^^^^^^^
/usr/lib/python3.11/importlib/__init__.py:126: in import_module
    return _bootstrap._gcd_import(name[level:], package, level)
           ^^^^^^^^^^^^^^^^^^^^^^^^^^^^^^^^^^^^^^^^^^^^^^^^^^^^
E     File "/home/tinhn/repo/Personal_AI_OS/app/agents/news/telegram_handler.py", line 142
E       logger.debug(f"[NEWS-CHAT] Gemini response preview={ (response.text or '')[:1000]!r }")
E                                                                                             ^
E   SyntaxError: f-string: expecting '}'</failure></testcase><testcase classname="tests.test_news_telegram.TestHandleNewsCommand" name="test_morning_arg" time="0.005"><failure message="  File &quot;/home/tinhn/repo/Personal_AI_OS/app/agents/news/telegram_handler.py&quot;, line 142&#10;    logger.debug(f&quot;[NEWS-CHAT] Gemini response preview={ (response.text or '')[:1000]!r }&quot;)&#10;                                                                                          ^&#10;SyntaxError: f-string: expecting '}'">/usr/lib/python3.11/unittest/mock.py:1366: in patched
    with self.decoration_helper(patched,
/usr/lib/python3.11/contextlib.py:137: in __enter__
    return next(self.gen)
           ^^^^^^^^^^^^^^
/usr/lib/python3.11/unittest/mock.py:1348: in decoration_helper
    arg = exit_stack.enter_context(patching)
          ^^^^^^^^^^^^^^^^^^^^^^^^^^^^^^^^^^
/usr/lib/python3.11/contextlib.py:505: in enter_context
    result = _enter(cm)
             ^^^^^^^^^^
/usr/lib/python3.11/unittest/mock.py:1421: in __enter__
    self.target = self.getter()
                  ^^^^^^^^^^^^^
/usr/lib/python3.11/pkgutil.py:705: in resolve_name
    mod = importlib.import_module(s)
          ^^^^^^^^^^^^^^^^^^^^^^^^^^
/usr/lib/python3.11/importlib/__init__.py:126: in import_module
    return _bootstrap._gcd_import(name[level:], package, level)
           ^^^^^^^^^^^^^^^^^^^^^^^^^^^^^^^^^^^^^^^^^^^^^^^^^^^^
E     File "/home/tinhn/repo/Personal_AI_OS/app/agents/news/telegram_handler.py", line 142
E       logger.debug(f"[NEWS-CHAT] Gemini response preview={ (response.text or '')[:1000]!r }")
E                                                                                             ^
E   SyntaxError: f-string: expecting '}'</failure></testcase><testcase classname="tests.test_news_telegram.TestHandleNewsCommand" name="test_no_args_defaults_to_morning" time="0.003"><failure message="  File &quot;/home/tinhn/repo/Personal_AI_OS/app/agents/news/telegram_handler.py&quot;, line 142&#10;    logger.debug(f&quot;[NEWS-CHAT] Gemini response preview={ (response.text or '')[:1000]!r }&quot;)&#10;                                                                                          ^&#10;SyntaxError: f-string: expecting '}'">/usr/lib/python3.11/unittest/mock.py:1366: in patched
    with self.decoration_helper(patched,
/usr/lib/python3.11/contextlib.py:137: in __enter__
    return next(self.gen)
           ^^^^^^^^^^^^^^
/usr/lib/python3.11/unittest/mock.py:1348: in decoration_helper
    arg = exit_stack.enter_context(patching)
          ^^^^^^^^^^^^^^^^^^^^^^^^^^^^^^^^^^
/usr/lib/python3.11/contextlib.py:505: in enter_context
    result = _enter(cm)
             ^^^^^^^^^^
/usr/lib/python3.11/unittest/mock.py:1421: in __enter__
    self.target = self.getter()
                  ^^^^^^^^^^^^^
/usr/lib/python3.11/pkgutil.py:705: in resolve_name
    mod = importlib.import_module(s)
          ^^^^^^^^^^^^^^^^^^^^^^^^^^
/usr/lib/python3.11/importlib/__init__.py:126: in import_module
    return _bootstrap._gcd_import(name[level:], package, level)
           ^^^^^^^^^^^^^^^^^^^^^^^^^^^^^^^^^^^^^^^^^^^^^^^^^^^^
E     File "/home/tinhn/repo/Personal_AI_OS/app/agents/news/telegram_handler.py", line 142
E       logger.debug(f"[NEWS-CHAT] Gemini response preview={ (response.text or '')[:1000]!r }")
E                                                                                             ^
E   SyntaxError: f-string: expecting '}'</failure></testcase><testcase classname="tests.test_news_telegram.TestHandleNewsCommand" name="test_watch_arg_calls_run_news_watch" time="0.003"><failure message="  File &quot;/home/tinhn/repo/Personal_AI_OS/app/agents/news/telegram_handler.py&quot;, line 142&#10;    logger.debug(f&quot;[NEWS-CHAT] Gemini response preview={ (response.text or '')[:1000]!r }&quot;)&#10;                                                                                          ^&#10;SyntaxError: f-string: expecting '}'">/usr/lib/python3.11/unittest/mock.py:1366: in patched
    with self.decoration_helper(patched,
/usr/lib/python3.11/contextlib.py:137: in __enter__
    return next(self.gen)
           ^^^^^^^^^^^^^^
/usr/lib/python3.11/unittest/mock.py:1348: in decoration_helper
    arg = exit_stack.enter_context(patching)
          ^^^^^^^^^^^^^^^^^^^^^^^^^^^^^^^^^^
/usr/lib/python3.11/contextlib.py:505: in enter_context
    result = _enter(cm)
             ^^^^^^^^^^
/usr/lib/python3.11/unittest/mock.py:1421: in __enter__
    self.target = self.getter()
                  ^^^^^^^^^^^^^
/usr/lib/python3.11/pkgutil.py:705: in resolve_name
    mod = importlib.import_module(s)
          ^^^^^^^^^^^^^^^^^^^^^^^^^^
/usr/lib/python3.11/importlib/__init__.py:126: in import_module
    return _bootstrap._gcd_import(name[level:], package, level)
           ^^^^^^^^^^^^^^^^^^^^^^^^^^^^^^^^^^^^^^^^^^^^^^^^^^^^
E     File "/home/tinhn/repo/Personal_AI_OS/app/agents/news/telegram_handler.py", line 142
E       logger.debug(f"[NEWS-CHAT] Gemini response preview={ (response.text or '')[:1000]!r }")
E                                                                                             ^
E   SyntaxError: f-string: expecting '}'</failure></testcase><testcase classname="tests.test_news_telegram.TestTelegramWebhookNewsRouting" name="test_news_command_routed_to_handler" time="0.004"><failure message="  File &quot;/home/tinhn/repo/Personal_AI_OS/app/agents/news/telegram_handler.py&quot;, line 142&#10;    logger.debug(f&quot;[NEWS-CHAT] Gemini response preview={ (response.text or '')[:1000]!r }&quot;)&#10;                                                                                          ^&#10;SyntaxError: f-string: expecting '}'">/usr/lib/python3.11/unittest/mock.py:1366: in patched
    with self.decoration_helper(patched,
/usr/lib/python3.11/contextlib.py:137: in __enter__
    return next(self.gen)
           ^^^^^^^^^^^^^^
/usr/lib/python3.11/unittest/mock.py:1348: in decoration_helper
    arg = exit_stack.enter_context(patching)
          ^^^^^^^^^^^^^^^^^^^^^^^^^^^^^^^^^^
/usr/lib/python3.11/contextlib.py:505: in enter_context
    result = _enter(cm)
             ^^^^^^^^^^
/usr/lib/python3.11/unittest/mock.py:1421: in __enter__
    self.target = self.getter()
                  ^^^^^^^^^^^^^
/usr/lib/python3.11/pkgutil.py:705: in resolve_name
    mod = importlib.import_module(s)
          ^^^^^^^^^^^^^^^^^^^^^^^^^^
/usr/lib/python3.11/importlib/__init__.py:126: in import_module
    return _bootstrap._gcd_import(name[level:], package, level)
           ^^^^^^^^^^^^^^^^^^^^^^^^^^^^^^^^^^^^^^^^^^^^^^^^^^^^
E     File "/home/tinhn/repo/Personal_AI_OS/app/agents/news/telegram_handler.py", line 142
E       logger.debug(f"[NEWS-CHAT] Gemini response preview={ (response.text or '')[:1000]!r }")
E                                                                                             ^
E   SyntaxError: f-string: expecting '}'</failure></testcase><testcase classname="tests.test_news_telegram.TestTelegramWebhookNewsRouting" name="test_news_watch_command_routed" time="0.003"><failure message="  File &quot;/home/tinhn/repo/Personal_AI_OS/app/agents/news/telegram_handler.py&quot;, line 142&#10;    logger.debug(f&quot;[NEWS-CHAT] Gemini response preview={ (response.text or '')[:1000]!r }&quot;)&#10;                                                                                          ^&#10;SyntaxError: f-string: expecting '}'">/usr/lib/python3.11/unittest/mock.py:1366: in patched
    with self.decoration_helper(patched,
/usr/lib/python3.11/contextlib.py:137: in __enter__
    return next(self.gen)
           ^^^^^^^^^^^^^^
/usr/lib/python3.11/unittest/mock.py:1348: in decoration_helper
    arg = exit_stack.enter_context(patching)
          ^^^^^^^^^^^^^^^^^^^^^^^^^^^^^^^^^^
/usr/lib/python3.11/contextlib.py:505: in enter_context
    result = _enter(cm)
             ^^^^^^^^^^
/usr/lib/python3.11/unittest/mock.py:1421: in __enter__
    self.target = self.getter()
                  ^^^^^^^^^^^^^
/usr/lib/python3.11/pkgutil.py:705: in resolve_name
    mod = importlib.import_module(s)
          ^^^^^^^^^^^^^^^^^^^^^^^^^^
/usr/lib/python3.11/importlib/__init__.py:126: in import_module
    return _bootstrap._gcd_import(name[level:], package, level)
           ^^^^^^^^^^^^^^^^^^^^^^^^^^^^^^^^^^^^^^^^^^^^^^^^^^^^
E     File "/home/tinhn/repo/Personal_AI_OS/app/agents/news/telegram_handler.py", line 142
E       logger.debug(f"[NEWS-CHAT] Gemini response preview={ (response.text or '')[:1000]!r }")
E                                                                                             ^
E   SyntaxError: f-string: expecting '}'</failure></testcase><testcase classname="tests.test_news_telegram.TestTelegramWebhookNewsRouting" name="test_non_news_command_goes_to_chat" time="0.012" /><testcase classname="tests.test_news_telegram.TestConsoleSaveNews" name="test_enabled_toggle_off" time="0.013" /><testcase classname="tests.test_news_telegram.TestConsoleSaveNews" name="test_enabled_toggle_on" time="0.008" /><testcase classname="tests.test_news_telegram.TestConsoleSaveNews" name="test_feeds_json_parsed_correctly" time="0.009" /><testcase classname="tests.test_news_telegram.TestConsoleSaveNews" name="test_interest_profile_json_parsed_correctly" time="0.009" /><testcase classname="tests.test_news_telegram.TestConsoleSaveNews" name="test_invalid_feeds_json_keeps_existing" time="0.009" /><testcase classname="tests.test_news_telegram.TestConsoleSaveNews" name="test_save_redirects_to_news_tab" time="0.010" /><testcase classname="tests.test_news_telegram.TestConsoleSaveNews" name="test_scheduler_reloaded_on_save" time="0.009" /><testcase classname="tests.test_news_telegram.TestConsoleSaveNews" name="test_unauthenticated_request_rejected" time="0.005" /><testcase classname="tests.test_notification.TestSanitizeMdToTgHtml" name="test_anchor_link_passes_through_intact" time="0.002" /><testcase classname="tests.test_notification.TestSanitizeMdToTgHtml" name="test_bold_html_tags_injected_by_ai_are_preserved" time="0.001" /><testcase classname="tests.test_notification.TestSanitizeMdToTgHtml" name="test_bold_markdown_converts_to_html" time="0.001" /><testcase classname="tests.test_notification.TestSanitizeMdToTgHtml" name="test_bullet_asterisk_converts_to_dot" time="0.001" /><testcase classname="tests.test_notification.TestSanitizeMdToTgHtml" name="test_bullet_dash_converts_to_dot" time="0.001" /><testcase classname="tests.test_notification.TestSanitizeMdToTgHtml" name="test_empty_string_returns_empty" time="0.001" /><testcase classname="tests.test_notification.TestSanitizeMdToTgHtml" name="test_h1_header_converts_to_bold" time="0.001" /><testcase classname="tests.test_notification.TestSanitizeMdToTgHtml" name="test_html_special_chars_are_escaped" time="0.001" /><testcase classname="tests.test_notification.TestSanitizeMdToTgHtml" name="test_markdown_header_converts_to_bold" time="0.001" /><testcase classname="tests.test_notification.TestSanitizeMdToTgHtml" name="test_mixed_markdown_and_special_chars" time="0.001" /><testcase classname="tests.test_notification.TestSanitizeMdToTgHtml" name="test_multiline_output_handles_each_line" time="0.001" /><testcase classname="tests.test_notification.TestSanitizeMdToTgHtml" name="test_multiple_bold_segments" time="0.001" /><testcase classname="tests.test_notification.TestSanitizeMdToTgHtml" name="test_none_input_returns_none" time="0.001" /><testcase classname="tests.test_notification.TestSanitizeMdToTgHtml" name="test_plain_text_passes_through_unchanged" time="0.001" /><testcase classname="tests.test_notification.TestSanitizeMdToTgHtml" name="test_special_chars_in_text_outside_tags_are_escaped" time="0.001" /><testcase classname="tests.test_notification.TestSanitizeMdToTgHtml" name="test_strip_html_removes_tags_and_unescapes" time="0.001" /><testcase classname="tests.test_notification.TestSanitizeMdToTgHtml" name="test_unclosed_b_tag_is_balanced" time="0.001" /><testcase classname="tests.test_notification.TestSendTelegramMsg" name="test_fallback_text_has_no_html_tags" time="0.004" /><testcase classname="tests.test_notification.TestSendTelegramMsg" name="test_fallback_to_plain_text_on_400" time="0.003" /><testcase classname="tests.test_notification.TestSendTelegramMsg" name="test_network_exception_does_not_raise" time="0.003" /><testcase classname="tests.test_notification.TestSendTelegramMsg" name="test_no_token_skips_request" time="0.003" /><testcase classname="tests.test_notification.TestSendTelegramMsg" name="test_sends_with_html_parse_mode" time="0.004" /><testcase classname="tests.test_notification.TestSendTypingAction" name="test_exception_is_silently_ignored" time="0.003" /><testcase classname="tests.test_notification.TestSendTypingAction" name="test_no_token_returns_without_crash" time="0.001" /><testcase classname="tests.test_notification.TestSendTypingAction" name="test_sends_typing_action" time="0.005" /><testcase classname="tests.test_notification_document.TestSendDocumentIntegration" name="test_send_document_for_large_message" time="0.006" /><testcase classname="tests.test_notification_document.TestSendDocumentIntegration" name="test_send_document_handles_non_200" time="0.005" /><testcase classname="tests.test_scheduler.TestTaskMorningBriefing" name="test_no_chat_id_skips_briefing" time="0.062" /><testcase classname="tests.test_scheduler.TestTaskMorningBriefing" name="test_with_chat_id_calls_generate_morning_briefing" time="0.003" /><testcase classname="tests.test_scheduler.TestTaskMorningBriefing" name="test_with_chat_id_calls_get_today_weather" time="0.003" /><testcase classname="tests.test_scheduler.TestTaskWeeklyReflection" name="test_always_calls_generate_weekly_reflection" time="0.004" /><testcase classname="tests.test_scheduler.TestTaskWeeklyReflection" name="test_no_chat_id_skips_extract_but_still_reflects" time="0.003" /><testcase classname="tests.test_scheduler.TestTaskWeeklyReflection" name="test_with_chat_id_calls_extract_implicit_memory" time="0.004" /><testcase classname="tests.test_scheduler.TestTaskProactiveCoachCheck" name="test_acwr_above_1_3_sends_warning_alert" time="0.004" /><testcase classname="tests.test_scheduler.TestTaskProactiveCoachCheck" name="test_acwr_above_1_5_sends_critical_alert" time="0.004" /><testcase classname="tests.test_scheduler.TestTaskProactiveCoachCheck" name="test_acwr_below_1_3_sends_no_load_alert" time="0.003" /><testcase classname="tests.test_scheduler.TestTaskProactiveCoachCheck" name="test_acwr_exactly_1_3_sends_no_alert" time="0.003" /><testcase classname="tests.test_scheduler.TestTaskProactiveCoachCheck" name="test_alert_sent_to_correct_chat_id" time="0.003" /><testcase classname="tests.test_scheduler.TestTaskProactiveCoachCheck" name="test_high_acwr_and_taper_sends_two_alerts" time="0.004" /><testcase classname="tests.test_scheduler.TestTaskProactiveCoachCheck" name="test_no_chat_id_sends_no_alerts" time="0.003" /><testcase classname="tests.test_scheduler.TestTaskProactiveCoachCheck" name="test_weeks_left_1_sends_taper_reminder" time="0.004" /><testcase classname="tests.test_scheduler.TestTaskProactiveCoachCheck" name="test_weeks_left_2_sends_taper_reminder" time="0.004" /><testcase classname="tests.test_scheduler.TestTaskProactiveCoachCheck" name="test_weeks_left_3_sends_taper_reminder" time="0.004" /><testcase classname="tests.test_scheduler.TestTaskProactiveCoachCheck" name="test_weeks_left_4_no_taper_reminder" time="0.005" /><testcase classname="tests.test_scheduler.TestTaskLogAudit" name="test_none_user_id_skips_audit" time="0.002" /><testcase classname="tests.test_scheduler.TestTaskLogAudit" name="test_run_audit_returns_count" time="0.002" /><testcase classname="tests.test_scheduler.TestTaskLogAudit" name="test_string_none_user_id_skips_audit" time="0.002" /><testcase classname="tests.test_scheduler.TestTaskLogAudit" name="test_valid_user_id_calls_run_audit" time="0.002" /><testcase classname="tests.test_scheduler.TestTaskLogAudit" name="test_zero_audit_entries_does_not_crash" time="0.002" /><testcase classname="tests.test_scheduler.TestSetupJobs" name="test_core_jobs_always_added" time="0.004" /><testcase classname="tests.test_scheduler.TestSetupJobs" name="test_invalid_backup_time_falls_back_to_default" time="0.003" /><testcase classname="tests.test_scheduler.TestSetupJobs" name="test_invalid_briefing_time_falls_back_to_default" time="0.004" /><testcase classname="tests.test_scheduler.TestSetupJobs" name="test_news_disabled_does_not_add_news_jobs" time="0.003" /><testcase classname="tests.test_scheduler.TestSetupJobs" name="test_news_enabled_adds_news_jobs" time="0.004" /><testcase classname="tests.test_scheduler.TestSetupJobs" name="test_total_jobs_with_news_enabled" time="0.004" /><testcase classname="tests.test_scheduler.TestSetupJobs" name="test_total_jobs_without_news" time="0.004" /><testcase classname="tests.test_smoke.TestCoreImports" name="test_config_importable" time="0.001" /><testcase classname="tests.test_smoke.TestCoreImports" name="test_database_importable" time="0.001" /><testcase classname="tests.test_smoke.TestCoreImports" name="test_notification_importable" time="0.001" /><testcase classname="tests.test_smoke.TestCoreImports" name="test_user_context_importable" time="0.001" /><testcase classname="tests.test_smoke.TestRouterImports" name="test_audit_router_importable" time="0.001" /><testcase classname="tests.test_smoke.TestRouterImports" name="test_webhooks_router_importable" time="0.001" /><testcase classname="tests.test_smoke.TestServiceImports" name="test_scheduler_importable" time="0.001" /><testcase classname="tests.test_smoke.TestServiceImports" name="test_telegram_router_importable" time="0.001" /><testcase classname="tests.test_smoke.TestCoachAgentImports" name="test_coach_agent_importable" time="0.001" /><testcase classname="tests.test_smoke.TestCoachAgentImports" name="test_prompts_build_core_system_instruction" time="0.001" /><testcase classname="tests.test_smoke.TestCoachAgentImports" name="test_prompts_build_system_instruction" time="0.001" /><testcase classname="tests.test_smoke.TestCoachAgentImports" name="test_prompts_get_shared_context_block" time="0.001" /><testcase classname="tests.test_smoke.TestNewsAgentImports" name="test_alert_engine_importable" time="0.001" /><testcase classname="tests.test_smoke.TestNewsAgentImports" name="test_news_agent_importable" time="0.001" /><testcase classname="tests.test_smoke.TestNewsAgentImports" name="test_news_prompts_importable" time="0.001" /><testcase classname="tests.test_smoke.TestNewsAgentImports" name="test_scorer_importable" time="0.001" /><testcase classname="tests.test_smoke.TestNewsAgentImports" name="test_telegram_handler_importable" time="0.002"><failure message="  File &quot;/home/tinhn/repo/Personal_AI_OS/app/agents/news/telegram_handler.py&quot;, line 142&#10;    logger.debug(f&quot;[NEWS-CHAT] Gemini response preview={ (response.text or '')[:1000]!r }&quot;)&#10;                                                                                          ^&#10;SyntaxError: f-string: expecting '}'">tests/test_smoke.py:86: in test_telegram_handler_importable
    from app.agents.news.telegram_handler import handle_news_command  # noqa: F401
    ^^^^^^^^^^^^^^^^^^^^^^^^^^^^^^^^^^^^^^^^^^^^^^^^^^^^^^^^^^^^^^^^
E     File "/home/tinhn/repo/Personal_AI_OS/app/agents/news/telegram_handler.py", line 142
E       logger.debug(f"[NEWS-CHAT] Gemini response preview={ (response.text or '')[:1000]!r }")
E                                                                                             ^
E   SyntaxError: f-string: expecting '}'</failure></testcase><testcase classname="tests.test_strava_client.TestTokenCaching" name="test_expired_token_triggers_refresh" time="0.006" /><testcase classname="tests.test_strava_client.TestTokenCaching" name="test_first_call_refreshes_token" time="0.004" /><testcase classname="tests.test_strava_client.TestTokenCaching" name="test_second_call_uses_cache" time="0.004" /><testcase classname="tests.test_strava_client.TestTokenCaching" name="test_token_refresh_failure_returns_none" time="0.003" /><testcase classname="tests.test_strava_client.TestGetActivityData" name="test_502_transient_returns_none_tuple" time="0.003" /><testcase classname="tests.test_strava_client.TestGetActivityData" name="test_api_error_returns_none_tuple" time="0.002" /><testcase classname="tests.test_strava_client.TestGetActivityData" name="test_no_streams_returns_meta_only" time="0.005" /><testcase classname="tests.test_strava_client.TestGetActivityData" name="test_no_token_returns_none_tuple" time="0.002" /><testcase classname="tests.test_strava_client.TestGetActivityData" name="test_non_run_activity_returns_none" time="0.003" /><testcase classname="tests.test_strava_client.TestGetActivityData" name="test_rate_limited_returns_none_tuple" time="0.003" /><testcase classname="tests.test_strava_client.TestGetActivityData" name="test_timeout_returns_none_tuple" time="0.002" /><testcase classname="tests.test_strava_client.TestGetActivityStreamsRaw" name="test_error_status_returns_none" time="0.002" /><testcase classname="tests.test_strava_client.TestGetActivityStreamsRaw" name="test_network_error_returns_none" time="0.002" /><testcase classname="tests.test_strava_client.TestGetActivityStreamsRaw" name="test_no_token_returns_none" time="0.002" /><testcase classname="tests.test_strava_client.TestGetActivityStreamsRaw" name="test_success_returns_json" time="0.003" /><testcase classname="tests.test_strava_client.TestUpdateActivityDescription" name="test_failure_returns_false" time="0.002" /><testcase classname="tests.test_strava_client.TestUpdateActivityDescription" name="test_network_error_returns_false" time="0.002" /><testcase classname="tests.test_strava_client.TestUpdateActivityDescription" name="test_success_returns_true" time="0.002" /><testcase classname="tests.test_strava_client.TestGetRecentActivities" name="test_api_error_returns_empty_list" time="0.002" /><testcase classname="tests.test_strava_client.TestGetRecentActivities" name="test_network_error_returns_empty_list" time="0.002" /><testcase classname="tests.test_strava_client.TestGetRecentActivities" name="test_success_returns_list" time="0.003" /><testcase classname="tests.test_strava_client.TestGetAthleteStats" name="test_error_returns_none" time="0.002" /><testcase classname="tests.test_strava_client.TestGetAthleteStats" name="test_success_returns_km_distances" time="0.002" /><testcase classname="tests.test_stream_storage.TestGetStreamFilePath" name="test_handles_string_ids" time="0.001" /><testcase classname="tests.test_stream_storage.TestGetStreamFilePath" name="test_returns_relative_path" time="0.001" /><testcase classname="tests.test_stream_storage.TestSaveAndLoadActivityStream" name="test_load_empty_path_returns_none" time="0.001" /><testcase classname="tests.test_stream_storage.TestSaveAndLoadActivityStream" name="test_load_missing_file_returns_none" time="0.002" /><testcase classname="tests.test_stream_storage.TestSaveAndLoadActivityStream" name="test_load_returns_payload" time="0.002" /><testcase classname="tests.test_stream_storage.TestSaveAndLoadActivityStream" name="test_save_creates_file_with_expected_structure" time="0.002" /><testcase classname="tests.test_stream_storage.TestSaveAndLoadActivityStream" name="test_save_empty_dict_returns_none" time="0.001" /><testcase classname="tests.test_stream_storage.TestSaveAndLoadActivityStream" name="test_save_none_like_returns_none" time="0.001" /><testcase classname="tests.test_stream_storage.TestSaveAndLoadActivityStream" name="test_save_returns_relative_path" time="0.002" /><testcase classname="tests.test_stream_storage.TestGetStreamArrays" name="test_empty_streams_returns_none" time="0.001" /><testcase classname="tests.test_stream_storage.TestGetStreamArrays" name="test_missing_streams_key_returns_none" time="0.001" /><testcase classname="tests.test_stream_storage.TestGetStreamArrays" name="test_returns_flat_arrays" time="0.001" /><testcase classname="tests.test_telegram_router.TestRouteMessage" name="test_at_news_mid_sentence_routes_to_coach" time="0.001" /><testcase classname="tests.test_telegram_router.TestRouteMessage" name="test_at_news_no_query_returns_empty_cleaned" time="0.001" /><testcase classname="tests.test_telegram_router.TestRouteMessage" name="test_at_news_prefix_with_extra_spaces" time="0.001" /><testcase classname="tests.test_telegram_router.TestRouteMessage" name="test_at_news_routes_to_news" time="0.001" /><testcase classname="tests.test_telegram_router.TestRouteMessage" name="test_at_tin_routes_to_news" time="0.001" /><testcase classname="tests.test_telegram_router.TestRouteMessage" name="test_empty_text_routes_to_coach" time="0.001" /><testcase classname="tests.test_telegram_router.TestRouteMessage" name="test_no_prefix_routes_to_coach" time="0.001" /><testcase classname="tests.test_telegram_router.TestRouteMessage" name="test_prefix_case_insensitive" time="0.001" /><testcase classname="tests.test_telegram_router.TestRouteMessage" name="test_whitespace_only_routes_to_coach" time="0.001" /><testcase classname="tests.test_tools.TestCheckTrainingStatus" name="test_danger_zone_reflected_in_output" time="0.002" /><testcase classname="tests.test_tools.TestCheckTrainingStatus" name="test_output_is_single_line_string" time="0.001" /><testcase classname="tests.test_tools.TestCheckTrainingStatus" name="test_returns_acwr_string" time="0.001" /><testcase classname="tests.test_tools.TestCheckTrainingStatus" name="test_zero_loads_returns_no_chronic_data" time="0.001" /><testcase classname="tests.test_tools.TestGetRecentWorkouts" name="test_empty_log_returns_empty_message" time="0.002" /><testcase classname="tests.test_tools.TestGetRecentWorkouts" name="test_returns_log_string" time="0.002" /><testcase classname="tests.test_tools.TestUpdateTodaysPlan" name="test_calls_db_with_todays_date" time="0.002" /><testcase classname="tests.test_tools.TestUpdateTodaysPlan" name="test_returns_db_result" time="0.002" /><testcase classname="tests.test_tools.TestSetWorkoutPlan" name="test_passes_target_date_to_db" time="0.002" /><testcase classname="tests.test_tools.TestSetWorkoutPlan" name="test_returns_db_message" time="0.001" /><testcase classname="tests.test_tools.TestSetActualWeeklyTarget" name="test_does_not_overwrite_existing_standard_target" time="0.002" /><testcase classname="tests.test_tools.TestSetActualWeeklyTarget" name="test_failure_returns_error_message" time="0.002" /><testcase classname="tests.test_tools.TestSetActualWeeklyTarget" name="test_preserves_standard_target_from_db" time="0.002" /><testcase classname="tests.test_tools.TestSetActualWeeklyTarget" name="test_success_returns_confirmation" time="0.002" /><testcase classname="tests.test_tools.TestSearchLongTermMemory" name="test_empty_results_return_not_found_message" time="0.002" /><testcase classname="tests.test_tools.TestSearchLongTermMemory" name="test_none_results_return_not_found_message" time="0.002" /><testcase classname="tests.test_tools.TestSearchLongTermMemory" name="test_rag_exception_returns_error_string" time="0.003" /><testcase classname="tests.test_tools.TestSearchLongTermMemory" name="test_returns_formatted_memories" time="0.002" /><testcase classname="tests.test_tools.TestGetTotalRunStats" name="test_missing_file_returns_fallback_message" time="0.002" /><testcase classname="tests.test_tools.TestGetTotalRunStats" name="test_returns_formatted_stats" time="0.006" /><testcase classname="tests.test_tools.TestToolRouting" name="test_case_insensitive_routing" time="0.001" /><testcase classname="tests.test_tools.TestToolRouting" name="test_informational_query_gets_read_only_tools" time="0.001" /><testcase classname="tests.test_tools.TestToolRouting" name="test_mixed_message_with_write_keyword_gets_all_tools" time="0.001" /><testcase classname="tests.test_tools.TestToolRouting" name="test_write_keyword_triggers_write_tools" time="0.001" /><testcase classname="tests.test_tools_get_run_full_details.TestGetRunFullDetails" name="test_includes_stream_file_path_when_present" time="0.002" /><testcase classname="tests.test_tools_get_run_full_details.TestGetRunFullDetails" name="test_no_stream_path_line_when_path_empty" time="0.003" /><testcase classname="tests.test_tools_get_run_full_details.TestGetRunFullDetails" name="test_returns_not_found_message_when_no_raw" time="0.002" /><testcase classname="tests.test_utils.TestCalculateTrimp" name="test_custom_hr_zones_respected" time="0.001" /><testcase classname="tests.test_utils.TestCalculateTrimp" name="test_easy_run_is_low_trimp" time="0.001" /><testcase classname="tests.test_utils.TestCalculateTrimp" name="test_hard_run_exceeds_120_trimp" time="0.001" /><testcase classname="tests.test_utils.TestCalculateTrimp" name="test_hr_below_rest_hr_clamps_to_zero_trimp" time="0.001" /><testcase classname="tests.test_utils.TestCalculateTrimp" name="test_medium_run_is_tempo" time="0.001" /><testcase classname="tests.test_utils.TestCalculateTrimp" name="test_zero_duration_returns_zero" time="0.001" /><testcase classname="tests.test_utils.TestCalculateTrimp" name="test_zero_hr_returns_zero" time="0.001" /><testcase classname="tests.test_utils.TestCalculateAcwr" name="test_acwr_precision_two_decimals" time="0.001" /><testcase classname="tests.test_utils.TestCalculateAcwr" name="test_danger_zone_above_150" time="0.001" /><testcase classname="tests.test_utils.TestCalculateAcwr" name="test_overreaching_130_to_150" time="0.001" /><testcase classname="tests.test_utils.TestCalculateAcwr" name="test_sweet_spot_080_to_130" time="0.001" /><testcase classname="tests.test_utils.TestCalculateAcwr" name="test_undertraining_below_080" time="0.001" /><testcase classname="tests.test_utils.TestCalculateAcwr" name="test_zero_chronic_returns_no_data" time="0.001" /><testcase classname="tests.test_utils.TestCalculateTrainingPhase" name="test_base_phase_more_than_8_weeks" time="0.001" /><testcase classname="tests.test_utils.TestCalculateTrainingPhase" name="test_build_phase_5_to_8_weeks" time="0.001" /><testcase classname="tests.test_utils.TestCalculateTrainingPhase" name="test_cutback_week_every_4th_week" time="0.001" /><testcase classname="tests.test_utils.TestCalculateTrainingPhase" name="test_invalid_date_returns_error_phase" time="0.001" /><testcase classname="tests.test_utils.TestCalculateTrainingPhase" name="test_load_week_when_not_cutback" time="0.001" /><testcase classname="tests.test_utils.TestCalculateTrainingPhase" name="test_no_race_date_returns_base" time="0.002" /><testcase classname="tests.test_utils.TestCalculateTrainingPhase" name="test_peak_phase_3_to_4_weeks" time="0.002" /><testcase classname="tests.test_utils.TestCalculateTrainingPhase" name="test_race_in_past_returns_race_week" time="0.002" /><testcase classname="tests.test_utils.TestCalculateTrainingPhase" name="test_taper_phase_1_to_2_weeks" time="0.002" /><testcase classname="tests.test_utils.TestCalculateEfficiencyFactor" name="test_correct_formula" time="0.002" /><testcase classname="tests.test_utils.TestCalculateEfficiencyFactor" name="test_returns_float" time="0.002" /><testcase classname="tests.test_utils.TestCalculateEfficiencyFactor" name="test_zero_hr_returns_zero" time="0.001" /><testcase classname="tests.test_utils.TestCalculateGradeAdjustedPace" name="test_downhill_negative_grade_decreases_cost" time="0.001" /><testcase classname="tests.test_utils.TestCalculateGradeAdjustedPace" name="test_flat_terrain_no_change" time="0.001" /><testcase classname="tests.test_utils.TestCalculateGradeAdjustedPace" name="test_uphill_increases_pace_cost" time="0.001" /><testcase classname="tests.test_utils.TestAnalyzeDecoupling" name="test_cardiac_drift_detected" time="0.003" /><testcase classname="tests.test_utils.TestAnalyzeDecoupling" name="test_empty_df_returns_zero" time="0.001" /><testcase classname="tests.test_utils.TestAnalyzeDecoupling" name="test_none_returns_zero" time="0.001" /><testcase classname="tests.test_utils.TestAnalyzeDecoupling" name="test_perfect_consistency_near_zero_decoupling" time="0.003" /><testcase classname="tests.test_utils.TestAnalyzeDecoupling" name="test_returns_float" time="0.002" /><testcase classname="tests.test_utils.TestAnalyzeDecoupling" name="test_too_few_rows_returns_zero" time="0.002" /><testcase classname="tests.test_utils.TestCalculateHrZones" name="test_returns_five_zones" time="0.001" /><testcase classname="tests.test_utils.TestCalculateHrZones" name="test_zone1_min_is_50pct_hrr" time="0.001" /><testcase classname="tests.test_utils.TestCalculateHrZones" name="test_zone5_max_equals_max_hr" time="0.001" /><testcase classname="tests.test_utils.TestCalculateHrZones" name="test_zones_ascending" time="0.001" /><testcase classname="tests.test_utils.TestCalculatePaceZones" name="test_format_is_mm_ss" time="0.001" /><testcase classname="tests.test_utils.TestCalculatePaceZones" name="test_recovery_pace_slower_than_threshold" time="0.001" /><testcase classname="tests.test_utils.TestCalculatePaceZones" name="test_returns_six_zones" time="0.001" /><testcase classname="tests.test_utils.TestCalculatePaceZones" name="test_zone_has_name_and_range" time="0.001" /><testcase classname="tests.test_utils.TestCalculateTrImpGender" name="test_default_gender_is_male" time="0.001" /><testcase classname="tests.test_utils.TestCalculateTrImpGender" name="test_female_trimp_differs_from_male" time="0.001" /><testcase classname="tests.test_utils.TestCalculateTrImpGender" name="test_taper_factor_race_week_is_zero" time="0.001" /><testcase classname="tests.test_utils.TestCalculateTrImpGender" name="test_taper_factor_returned_in_training_phase" time="0.001" /><testcase classname="tests.test_webhooks.TestStravaWebhookVerification" name="test_invalid_token_returns_error" time="0.008" /><testcase classname="tests.test_webhooks.TestStravaWebhookVerification" name="test_missing_params_returns_error" time="0.007" /><testcase classname="tests.test_webhooks.TestStravaWebhookVerification" name="test_valid_token_returns_challenge" time="0.007" /><testcase classname="tests.test_webhooks.TestStravaWebhookCreate" name="test_create_activity_triggers_workflow" time="0.009" /><testcase classname="tests.test_webhooks.TestStravaWebhookCreate" name="test_non_activity_event_ignored" time="0.005" /><testcase classname="tests.test_webhooks.TestStravaWebhookCreate" name="test_update_event_ignored" time="0.005" /><testcase classname="tests.test_webhooks.TestStravaWebhookDelete" name="test_delete_activity_triggers_cleanup" time="0.008" /><testcase classname="tests.test_webhooks.TestStravaWorkflowOrchestration" name="test_full_create_workflow" time="0.010" /><testcase classname="tests.test_webhooks.TestStravaWorkflowOrchestration" name="test_workflow_skipped_when_paused" time="0.003" /><testcase classname="tests.test_webhooks.TestDeletedActivityCleanup" name="test_delete_cleans_all_layers" time="0.005" /><testcase classname="tests.test_webhooks.TestTelegramWebhook" name="test_empty_text_still_routes" time="0.008" /><testcase classname="tests.test_webhooks.TestTelegramWebhook" name="test_no_message_field_returns_ok" time="0.005" /><testcase classname="tests.test_webhooks.TestTelegramWebhook" name="test_regular_chat_routed_to_ai" time="0.011" /><testcase classname="tests.test_webhooks.TestTelegramWebhook" name="test_standup_command" time="0.009" /><testcase classname="tests.test_webhooks.TestTelegramWebhook" name="test_sync_command_default" time="0.011" /><testcase classname="tests.test_webhooks.TestTelegramWebhook" name="test_sync_command_month" time="0.008" /><testcase classname="tests.test_webhooks.TestTelegramWebhook" name="test_sync_command_with_limit" time="0.010" /><testcase classname="tests.test_webhooks.TestDuplicateWebhookResilience" name="test_duplicate_creates_both_trigger" time="0.014" /></testsuite></testsuites>